Far
Far
Far
Far
Far
Away
Far
Far
Away
Far
Far
Far
Far
Away
Far
Far
Far
Far
Far
Far
Far
Far
Far
Far
Far
Away
Far
Far
Far
Far
Away
Far
Away
Far
Far
Far
Away
Far
Far
Far
Far
Far
Far
Far
Far
Away
Far
Far
Far
Far
Far
Far
Away
Far
Away
Far
Far
Far
Away
Away
Far
Far
Far
Far
Away
Far
Far
Far
Far
Far
Far
Far
Far
Far
Far
Far
Far
Far
Away
Away
Far
Far
Far
Away
Far
Far
Far
Far
Away
Far
Far
Far
Away
Far
Far
Far
Far
Away
Far
Far
Far
Far
Far
Far
Away
Far
Far
Far
Away
Far
Far
Far
Far
Far
Far
Far
Far
Away
Far
Far
Away
Far
Far
Away
Far
Far
Far
Far
Far
Far
Far
Far
Far
Away
Far
Far
Far
Far
Far
Away
Far
Far
Far
Away
Far
Far
Far
Far
Far
Far
Far
Away
Far
Away
Far
Far
Far
Far
Far
Far
Far
Far
Far
Far
Far
Far
Far
Far
Far
Far
Away
Far
Far
Far
Far
Far
Far
Far
Far
Far
Far
Away
Far
Far
Far
Far
Far
Far
Far
Far
Far
Far
Far
Away
Far
Far
Far
Far
Away
Far
